--- esp-idf-monitor 1.9.0 on \\.\COM10 115200
--- Quit: Ctrl+] | Menu: Ctrl+T | Help: Ctrl+T followed by Ctrl+H
ESP-ROM:esp32p4-eco2-20240710
Build:Jul 10 2024
rst:0x1 (POWERON),boot:0x30f (SPI_FAST_FLASH_BOOT)
SPI mode:DIO, clock div:1
load:0x4ff33ce0,len:0x15e0
load:0x4ff28ed0,len:0xe54
load:0x4ff2bbd0,len:0x35dc
entry 0x4ff28eda
I (25) boot: ESP-IDF v6.0.2 2nd stage bootloader
I (26) boot: compile time Aug  6 2026 00:17:21
I (26) boot: Multicore bootloader
I (27) boot: chip revision: v1.3
I (29) boot: efuse block revision: v0.3
I (32) boot.esp32p4: SPI Speed      : 80MHz
I (36) boot.esp32p4: SPI Mode       : DIO
I (40) boot.esp32p4: SPI Flash Size : 16MB
I (44) boot: Enabling RNG early entropy source...
I (48) boot: Partition Table:
I (51) boot: ## Label            Usage          Type ST Offset   Length
I (57) boot:  0 nvs              WiFi data        01 02 00009000 00006000
I (64) boot:  1 phy_init         RF data          01 01 0000f000 00001000
I (70) boot:  2 factory          factory app      00 00 00010000 00100000
I (78) boot: End of partition table
I (80) esp_image: segment 0: paddr=00010020 vaddr=40050020 size=16eb4h ( 93876) map
I (104) esp_image: segment 1: paddr=00026edc vaddr=30100000 size=00088h (   136) load
I (106) esp_image: segment 2: paddr=00026f6c vaddr=4ff00000 size=090ach ( 37036) load
I (116) esp_image: segment 3: paddr=00030020 vaddr=40000020 size=47dcch (294348) map
I (167) esp_image: segment 4: paddr=00077df4 vaddr=4ff090ac size=0609ch ( 24732) load
I (173) esp_image: segment 5: paddr=0007de98 vaddr=4ff0f180 size=027f0h ( 10224) load
I (180) boot: Loaded app from partition at offset 0x10000
I (181) boot: Disabling RNG early entropy source...
I (193) cpu_start: Multicore app
I (203) cpu_start: GPIO 38 and 37 are used as console UART I/O pins
I (203) cpu_start: Pro cpu start user code
I (203) cpu_start: cpu freq: 360000000 Hz
I (205) app_init: Application information:
I (209) app_init: Project name:     triathlon_timing
I (213) app_init: App version:      85dc01e-dirty
I (218) app_init: Compile time:     Aug  6 2026 00:15:59
I (223) app_init: ELF file SHA256:  0901b3410...
I (227) app_init: ESP-IDF:          v6.0.2
I (231) efuse_init: Min chip rev:     v1.0
I (235) efuse_init: Max chip rev:     v1.99 
I (239) efuse_init: Chip rev:         v1.3
I (243) heap_init: Initializing. RAM available for dynamic allocation:
I (249) heap_init: At 4FF14050 len 00026F70 (155 KiB): RETENT_RAM
I (255) heap_init: At 4FF3AFC0 len 00004BF0 (18 KiB): RAM
I (260) heap_init: At 4FF40000 len 00060000 (384 KiB): RAM
I (265) heap_init: At 50108080 len 00007F80 (31 KiB): RTCRAM
I (270) heap_init: At 30100088 len 00001F78 (7 KiB): SPM
I (276) spi_flash: detected chip: gd
I (279) spi_flash: flash io: dio
I (282) sleep_gpio: Configure to isolate all GPIO pins in sleep state
I (288) sleep_gpio: Enable automatic switching of GPIO sleep configuration
I (295) main_task: Started on CPU0
I (325) main_task: Calling app_main()
Guru Meditation Error: Core  0 panic'ed (Stack protection fault). 

Detected in task "main" at 0x40011426
--- 0x40011426: app_main at M:/Source/_Zeitmessung/sim7000g_sample/triathlon_timing/main/app_main.cpp:26
Stack pointer: 0x4ff154e0
Stack bounds: 0x4ff156dc - 0x4ff166d0


Core  0 register dump:
MEPC    : 0x4000f0b4  RA      : 0x4001142e  SP      : 0x4ff154e0  GP      : 0x4ff0f980  
--- 0x4000f0b4: nvs_flash_init at M:/esp/v6.0.2/esp-idf/components/nvs_flash/src/nvs_api.cpp:180
--- 0x4001142e: app_main at M:/Source/_Zeitmessung/sim7000g_sample/triathlon_timing/main/app_main.cpp:27
TP      : 0x4ff16670  T0      : 0x4fc1a058  T1      : 0x30000000  T2      : 0x00000000  
--- 0x4fc1a058: _printf_i in ROM
S0/FP   : 0x40052000  S1      : 0x00000000  A0      : 0x00000026  A1      : 0x00000000  
A2      : 0x7f000000  A3      : 0x00000000  A4      : 0x00000000  A5      : 0x1f000000  
A6      : 0x00000000  A7      : 0x0000000a  S2      : 0x00000000  S3      : 0x00000000  
S4      : 0x00000000  S5      : 0x00000000  S6      : 0x00000000  S7      : 0x00000000  
S8      : 0x00000000  S9      : 0x00000000  S10     : 0x00000000  S11     : 0x00000000  
T3      : 0x00000000  T4      : 0x00000000  T5      : 0x00000000  T6      : 0x00000000  
MSTATUS : 0x00011880  MTVEC   : 0x4ff00003  MCAUSE  : 0x0000001b  MTVAL   : 0x00000000  
--- 0x4ff00003: _vector_table at ??:?
MHARTID : 0x00000000  
